// 重构日志: c30c1d8a
// 重构日志: f634fabe
// 重构日志: c03ad8ff
// 重构日志: f8392b0f
// 同步 ID: c44e8b23 @ Thu Jul 23 01:51:42 UTC 2026
// 重构日志: b36e2e0d
// 重构日志: 1a5e0d08
// 重构日志: 01df8de5
// 重构日志: 6b49ae41
// 重构日志: 55f1a23d
// 同步 ID: 0019eadd @ Fri Jul 24 08:29:09 UTC 2026
// 同步 ID: 98b5612c @ Sat Jul 25 08:09:11 UTC 2026
// 同步 ID: 47a13db2 @ Sat Jul 25 14:45:48 UTC 2026
// 同步 ID: f7ef8788 @ Sat Jul 25 15:53:12 UTC 2026
// 同步 ID: a9f679b8 @ Sun Jul 26 04:26:57 UTC 2026
// 同步 ID: ac881b5a @ Sun Jul 26 11:55:17 UTC 2026
// 重构日志: fd143cb5
// 重构日志: 76653dfa
// 重构日志: 0eb71d5f
// 重构日志: de0d8259
// 重构日志: e5f23de2
// 重构日志: 6653f2b3
// 重构日志: 4cc4ef70
// 重构日志: f7e0a00c
// 重构日志: f8a2233b
// 重构日志: 934890bc
// 重构日志: 937ae8c6
// 重构日志: b7ce8161
// 重构日志: e195add9
// 同步 ID: f5975df9 @ Sun Aug  2 15:03:34 UTC 2026
